{"v":1,"session":"host:45aecb9ad16cc81e","cmd":"add","ts":"2026-08-27T08:42:21Z","inv":{"id":"A-01","op":"rm_node"}}
{"v":1,"session":"host:45aecb9ad16cc81e","cmd":"add","ts":"2026-08-27T08:42:21Z","inv":{"id":"G-01","op":"rm_node"}}
{"v":1,"session":"host:45aecb9ad16cc81e","cmd":"field","ts":"2026-08-27T08:43:08Z","inv":{"id":"G-01","field":"notes","op":"field_pop_last"}}
{"v":1,"session":"host:45aecb9ad16cc81e","cmd":"add","ts":"2026-08-27T08:43:08Z","inv":{"id":"D-01","op":"rm_node"}}
{"v":1,"session":"host:45aecb9ad16cc81e","cmd":"field","ts":"2026-08-27T08:43:09Z","inv":{"id":"D-01","field":"context","op":"field_pop_last"}}
{"v":1,"session":"host:45aecb9ad16cc81e","cmd":"field","ts":"2026-08-27T08:43:09Z","inv":{"id":"D-01","field":"options","op":"field_pop_last"}}
{"v":1,"session":"host:45aecb9ad16cc81e","cmd":"field","ts":"2026-08-27T08:43:09Z","inv":{"id":"D-01","field":"options","op":"field_pop_last"}}
{"v":1,"session":"host:45aecb9ad16cc81e","cmd":"field","ts":"2026-08-27T08:43:09Z","inv":{"id":"D-01","field":"options","op":"field_pop_last"}}
{"v":1,"session":"host:45aecb9ad16cc81e","cmd":"field","ts":"2026-08-27T08:43:09Z","inv":{"id":"D-01","field":"decision","op":"field_pop_last"}}
{"v":1,"session":"host:45aecb9ad16cc81e","cmd":"field","ts":"2026-08-27T08:43:09Z","inv":{"id":"D-01","field":"decision","op":"field_pop_last"}}
{"v":1,"session":"host:45aecb9ad16cc81e","cmd":"field","ts":"2026-08-27T08:43:10Z","inv":{"id":"D-01","field":"consequences","op":"field_pop_last"}}
{"v":1,"session":"host:45aecb9ad16cc81e","cmd":"field","ts":"2026-08-27T08:43:10Z","inv":{"id":"D-01","field":"consequences","op":"field_pop_last"}}
{"v":1,"session":"host:45aecb9ad16cc81e","cmd":"field","ts":"2026-08-27T08:43:10Z","inv":{"id":"D-01","field":"validation","op":"field_pop_last"}}
{"v":1,"session":"host:45aecb9ad16cc81e","cmd":"set","ts":"2026-08-27T08:43:10Z","inv":{"old_status":"proposed","id":"D-01","op":"set_status_plain"}}
{"v":1,"session":"host:45aecb9ad16cc81e","cmd":"add","ts":"2026-08-27T08:43:10Z","inv":{"id":"D-02","op":"rm_node"}}
{"v":1,"session":"host:45aecb9ad16cc81e","cmd":"field","ts":"2026-08-27T08:43:11Z","inv":{"id":"D-02","field":"context","op":"field_pop_last"}}
{"v":1,"session":"host:45aecb9ad16cc81e","cmd":"field","ts":"2026-08-27T08:43:11Z","inv":{"id":"D-02","field":"options","op":"field_pop_last"}}
{"v":1,"session":"host:45aecb9ad16cc81e","cmd":"field","ts":"2026-08-27T08:43:11Z","inv":{"id":"D-02","field":"options","op":"field_pop_last"}}
{"v":1,"session":"host:45aecb9ad16cc81e","cmd":"field","ts":"2026-08-27T08:43:11Z","inv":{"id":"D-02","field":"options","op":"field_pop_last"}}
{"v":1,"session":"host:45aecb9ad16cc81e","cmd":"field","ts":"2026-08-27T08:43:11Z","inv":{"id":"D-02","field":"decision","op":"field_pop_last"}}
{"v":1,"session":"host:45aecb9ad16cc81e","cmd":"field","ts":"2026-08-27T08:43:11Z","inv":{"id":"D-02","field":"consequences","op":"field_pop_last"}}
{"v":1,"session":"host:45aecb9ad16cc81e","cmd":"field","ts":"2026-08-27T08:43:12Z","inv":{"id":"D-02","field":"consequences","op":"field_pop_last"}}
{"v":1,"session":"host:45aecb9ad16cc81e","cmd":"field","ts":"2026-08-27T08:43:12Z","inv":{"id":"D-02","field":"validation","op":"field_pop_last"}}
{"v":1,"session":"host:45aecb9ad16cc81e","cmd":"set","ts":"2026-08-27T08:43:12Z","inv":{"old_status":"proposed","id":"D-02","op":"set_status_plain"}}
{"v":1,"session":"host:45aecb9ad16cc81e","cmd":"add","ts":"2026-08-27T08:43:12Z","inv":{"id":"D-03","op":"rm_node"}}
{"v":1,"session":"host:45aecb9ad16cc81e","cmd":"field","ts":"2026-08-27T08:43:12Z","inv":{"id":"D-03","field":"context","op":"field_pop_last"}}
{"v":1,"session":"host:45aecb9ad16cc81e","cmd":"field","ts":"2026-08-27T08:43:13Z","inv":{"id":"D-03","field":"options","op":"field_pop_last"}}
{"v":1,"session":"host:45aecb9ad16cc81e","cmd":"field","ts":"2026-08-27T08:43:13Z","inv":{"id":"D-03","field":"options","op":"field_pop_last"}}
{"v":1,"session":"host:45aecb9ad16cc81e","cmd":"field","ts":"2026-08-27T08:43:13Z","inv":{"id":"D-03","field":"options","op":"field_pop_last"}}
{"v":1,"session":"host:45aecb9ad16cc81e","cmd":"field","ts":"2026-08-27T08:43:13Z","inv":{"id":"D-03","field":"decision","op":"field_pop_last"}}
{"v":1,"session":"host:45aecb9ad16cc81e","cmd":"field","ts":"2026-08-27T08:43:13Z","inv":{"id":"D-03","field":"consequences","op":"field_pop_last"}}
{"v":1,"session":"host:45aecb9ad16cc81e","cmd":"field","ts":"2026-08-27T08:43:13Z","inv":{"id":"D-03","field":"consequences","op":"field_pop_last"}}
{"v":1,"session":"host:45aecb9ad16cc81e","cmd":"field","ts":"2026-08-27T08:43:14Z","inv":{"id":"D-03","field":"validation","op":"field_pop_last"}}
{"v":1,"session":"host:45aecb9ad16cc81e","cmd":"set","ts":"2026-08-27T08:43:14Z","inv":{"old_status":"proposed","id":"D-03","op":"set_status_plain"}}
{"v":1,"session":"host:45aecb9ad16cc81e","cmd":"add","ts":"2026-08-27T08:43:14Z","inv":{"id":"D-04","op":"rm_node"}}
{"v":1,"session":"host:45aecb9ad16cc81e","cmd":"field","ts":"2026-08-27T08:43:14Z","inv":{"id":"D-04","field":"context","op":"field_pop_last"}}
{"v":1,"session":"host:45aecb9ad16cc81e","cmd":"field","ts":"2026-08-27T08:43:14Z","inv":{"id":"D-04","field":"options","op":"field_pop_last"}}
{"v":1,"session":"host:45aecb9ad16cc81e","cmd":"field","ts":"2026-08-27T08:43:14Z","inv":{"id":"D-04","field":"options","op":"field_pop_last"}}
{"v":1,"session":"host:45aecb9ad16cc81e","cmd":"field","ts":"2026-08-27T08:43:15Z","inv":{"id":"D-04","field":"options","op":"field_pop_last"}}
{"v":1,"session":"host:45aecb9ad16cc81e","cmd":"field","ts":"2026-08-27T08:43:15Z","inv":{"id":"D-04","field":"decision","op":"field_pop_last"}}
{"v":1,"session":"host:45aecb9ad16cc81e","cmd":"field","ts":"2026-08-27T08:43:15Z","inv":{"id":"D-04","field":"decision","op":"field_pop_last"}}
{"v":1,"session":"host:45aecb9ad16cc81e","cmd":"field","ts":"2026-08-27T08:43:15Z","inv":{"id":"D-04","field":"consequences","op":"field_pop_last"}}
{"v":1,"session":"host:45aecb9ad16cc81e","cmd":"field","ts":"2026-08-27T08:43:15Z","inv":{"id":"D-04","field":"validation","op":"field_pop_last"}}
{"v":1,"session":"host:45aecb9ad16cc81e","cmd":"set","ts":"2026-08-27T08:43:15Z","inv":{"old_status":"proposed","id":"D-04","op":"set_status_plain"}}
{"v":1,"session":"host:45aecb9ad16cc81e","cmd":"add","ts":"2026-08-27T08:43:16Z","inv":{"id":"W-01","op":"rm_node"}}
{"v":1,"session":"host:45aecb9ad16cc81e","cmd":"field","ts":"2026-08-27T08:43:16Z","inv":{"id":"W-01","field":"surface","op":"field_pop_last"}}
{"v":1,"session":"host:45aecb9ad16cc81e","cmd":"field","ts":"2026-08-27T08:43:16Z","inv":{"id":"W-01","field":"surface","op":"field_pop_last"}}
{"v":1,"session":"host:45aecb9ad16cc81e","cmd":"field","ts":"2026-08-27T08:43:16Z","inv":{"id":"W-01","field":"surface","op":"field_pop_last"}}
{"v":1,"session":"host:45aecb9ad16cc81e","cmd":"field","ts":"2026-08-27T08:43:16Z","inv":{"id":"W-01","field":"surface","op":"field_pop_last"}}
{"v":1,"session":"host:45aecb9ad16cc81e","cmd":"field","ts":"2026-08-27T08:43:16Z","inv":{"id":"W-01","field":"surface","op":"field_pop_last"}}
{"v":1,"session":"host:45aecb9ad16cc81e","cmd":"field","ts":"2026-08-27T08:43:17Z","inv":{"id":"W-01","field":"surface","op":"field_pop_last"}}
{"v":1,"session":"host:45aecb9ad16cc81e","cmd":"field","ts":"2026-08-27T08:43:17Z","inv":{"id":"W-01","field":"surface","op":"field_pop_last"}}
{"v":1,"session":"host:45aecb9ad16cc81e","cmd":"field","ts":"2026-08-27T08:43:17Z","inv":{"id":"W-01","field":"surface","op":"field_pop_last"}}
{"v":1,"session":"host:45aecb9ad16cc81e","cmd":"field","ts":"2026-08-27T08:43:17Z","inv":{"id":"W-01","field":"surface","op":"field_pop_last"}}
{"v":1,"session":"host:45aecb9ad16cc81e","cmd":"field","ts":"2026-08-27T08:43:17Z","inv":{"id":"W-01","field":"surface","op":"field_pop_last"}}
{"v":1,"session":"host:45aecb9ad16cc81e","cmd":"field","ts":"2026-08-27T08:43:17Z","inv":{"id":"W-01","field":"surface","op":"field_pop_last"}}
{"v":1,"session":"host:45aecb9ad16cc81e","cmd":"field","ts":"2026-08-27T08:43:18Z","inv":{"id":"W-01","field":"surface","op":"field_pop_last"}}
{"v":1,"session":"host:45aecb9ad16cc81e","cmd":"field","ts":"2026-08-27T08:43:18Z","inv":{"id":"W-01","field":"surface","op":"field_pop_last"}}
{"v":1,"session":"host:45aecb9ad16cc81e","cmd":"field","ts":"2026-08-27T08:43:18Z","inv":{"id":"W-01","field":"hypothesis","op":"field_pop_last"}}
{"v":1,"session":"host:45aecb9ad16cc81e","cmd":"field","ts":"2026-08-27T08:43:18Z","inv":{"id":"W-01","field":"why","op":"field_pop_last"}}
{"v":1,"session":"host:45aecb9ad16cc81e","cmd":"field","ts":"2026-08-27T08:43:18Z","inv":{"id":"W-01","field":"plan","op":"field_pop_last"}}
{"v":1,"session":"host:45aecb9ad16cc81e","cmd":"field","ts":"2026-08-27T08:43:18Z","inv":{"id":"W-01","field":"plan","op":"field_pop_last"}}
{"v":1,"session":"host:45aecb9ad16cc81e","cmd":"field","ts":"2026-08-27T08:43:19Z","inv":{"id":"W-01","field":"plan","op":"field_pop_last"}}
{"v":1,"session":"host:45aecb9ad16cc81e","cmd":"field","ts":"2026-08-27T08:43:19Z","inv":{"id":"W-01","field":"plan","op":"field_pop_last"}}
{"v":1,"session":"host:45aecb9ad16cc81e","cmd":"field","ts":"2026-08-27T08:43:19Z","inv":{"id":"W-01","field":"plan","op":"field_pop_last"}}
{"v":1,"session":"host:45aecb9ad16cc81e","cmd":"field","ts":"2026-08-27T08:43:19Z","inv":{"id":"W-01","field":"ac","op":"field_pop_last"}}
{"v":1,"session":"host:45aecb9ad16cc81e","cmd":"field","ts":"2026-08-27T08:43:19Z","inv":{"id":"W-01","field":"ac","op":"field_pop_last"}}
{"v":1,"session":"host:45aecb9ad16cc81e","cmd":"field","ts":"2026-08-27T08:43:19Z","inv":{"id":"W-01","field":"ac","op":"field_pop_last"}}
{"v":1,"session":"host:45aecb9ad16cc81e","cmd":"field","ts":"2026-08-27T08:43:20Z","inv":{"id":"W-01","field":"ac","op":"field_pop_last"}}
{"v":1,"session":"host:45aecb9ad16cc81e","cmd":"field","ts":"2026-08-27T08:43:20Z","inv":{"id":"W-01","field":"ac","op":"field_pop_last"}}
{"v":1,"session":"host:45aecb9ad16cc81e","cmd":"field","ts":"2026-08-27T08:43:20Z","inv":{"id":"W-01","field":"ac","op":"field_pop_last"}}
{"v":1,"session":"host:45aecb9ad16cc81e","cmd":"field","ts":"2026-08-27T08:43:20Z","inv":{"id":"W-01","field":"ac","op":"field_pop_last"}}
{"v":1,"session":"host:45aecb9ad16cc81e","cmd":"field","ts":"2026-08-27T08:43:20Z","inv":{"id":"W-01","field":"ac","op":"field_pop_last"}}
{"v":1,"session":"host:45aecb9ad16cc81e","cmd":"field","ts":"2026-08-27T08:43:20Z","inv":{"id":"W-01","field":"ac","op":"field_pop_last"}}
{"v":1,"session":"host:45aecb9ad16cc81e","cmd":"field","ts":"2026-08-27T08:43:21Z","inv":{"id":"W-01","field":"ac","op":"field_pop_last"}}
{"v":1,"session":"host:45aecb9ad16cc81e","cmd":"field","ts":"2026-08-27T08:43:21Z","inv":{"id":"W-01","field":"ac","op":"field_pop_last"}}
{"v":1,"session":"host:45aecb9ad16cc81e","cmd":"field","ts":"2026-08-27T08:43:21Z","inv":{"id":"W-01","field":"ac","op":"field_pop_last"}}
{"v":1,"session":"host:45aecb9ad16cc81e","cmd":"field","ts":"2026-08-27T08:43:21Z","inv":{"id":"W-01","field":"evidence_strategy","op":"field_pop_last"}}
{"v":1,"session":"host:45aecb9ad16cc81e","cmd":"field","ts":"2026-08-27T08:43:21Z","inv":{"id":"W-01","field":"evidence_strategy","op":"field_pop_last"}}
{"v":1,"session":"host:45aecb9ad16cc81e","cmd":"field","ts":"2026-08-27T08:43:21Z","inv":{"id":"W-01","field":"evidence_strategy","op":"field_pop_last"}}
{"v":1,"session":"host:45aecb9ad16cc81e","cmd":"field","ts":"2026-08-27T08:43:22Z","inv":{"id":"W-01","field":"evidence_strategy","op":"field_pop_last"}}
{"v":1,"session":"host:45aecb9ad16cc81e","cmd":"link","ts":"2026-08-27T08:43:22Z","inv":{"label":"implements","to":"D-01","op":"unlink_edge","from":"W-01"}}
{"v":1,"session":"host:45aecb9ad16cc81e","cmd":"link","ts":"2026-08-27T08:43:22Z","inv":{"label":"implements","to":"D-02","op":"unlink_edge","from":"W-01"}}
{"v":1,"session":"host:45aecb9ad16cc81e","cmd":"link","ts":"2026-08-27T08:43:22Z","inv":{"label":"implements","to":"D-03","op":"unlink_edge","from":"W-01"}}
{"v":1,"session":"host:45aecb9ad16cc81e","cmd":"link","ts":"2026-08-27T08:43:22Z","inv":{"label":"implements","to":"D-04","op":"unlink_edge","from":"W-01"}}
{"v":1,"session":"host:45aecb9ad16cc81e","cmd":"fitness","ts":"2026-08-27T08:43:22Z","inv":{"had_key":false,"wid":"W-01","gid":"G-01","previous":null,"op":"restore_fitness_key"}}
{"v":1,"session":"host:45aecb9ad16cc81e","cmd":"set","ts":"2026-08-27T08:43:27Z","inv":{"had_session_at_before":false,"old_w_status":"proposed","had_session_before":false,"id":"W-01","op":"set_w_status_with_goals","goal_statuses":{"G-01":"unverified"},"old_session_at":"","old_session":""}}
{"v":1,"session":"host:45aecb9ad16cc81e","cmd":"set","ts":"2026-08-27T08:45:09Z","inv":{"had_session_at_before":false,"old_w_status":"ready","had_session_before":false,"id":"W-01","op":"set_w_status_with_goals","goal_statuses":{"G-01":"unverified"},"old_session_at":"","old_session":""}}
{"v":1,"session":"host:45aecb9ad16cc81e","cmd":"fitness","ts":"2026-08-27T08:53:18Z","inv":{"had_key":true,"wid":"W-01","gid":"G-01","previous":1,"op":"restore_fitness_key"}}
{"v":1,"session":"host:45aecb9ad16cc81e","cmd":"field","ts":"2026-08-27T08:53:18Z","inv":{"id":"W-01","field":"evidence","op":"field_pop_last"}}
{"v":1,"session":"host:45aecb9ad16cc81e","cmd":"field","ts":"2026-08-27T08:53:18Z","inv":{"id":"W-01","field":"evidence","op":"field_pop_last"}}
{"v":1,"session":"host:45aecb9ad16cc81e","cmd":"field","ts":"2026-08-27T08:53:18Z","inv":{"id":"W-01","field":"evidence","op":"field_pop_last"}}
{"v":1,"session":"host:45aecb9ad16cc81e","cmd":"field","ts":"2026-08-27T08:53:18Z","inv":{"id":"W-01","field":"evidence","op":"field_pop_last"}}
{"v":1,"session":"host:45aecb9ad16cc81e","cmd":"field","ts":"2026-08-27T08:53:19Z","inv":{"id":"W-01","field":"evidence","op":"field_pop_last"}}
{"v":1,"session":"host:45aecb9ad16cc81e","cmd":"set","ts":"2026-08-27T08:53:19Z","inv":{"had_session_at_before":true,"old_w_status":"progress","had_session_before":true,"id":"W-01","op":"set_w_status_with_goals","goal_statuses":{"G-01":"unverified"},"old_session_at":"2026-08-27T08:45:09Z","old_session":"host:45aecb9ad16cc81e"}}
{"v":1,"session":"host:45aecb9ad16cc81e","cmd":"field","ts":"2026-08-27T09:00:10Z","inv":{"id":"W-01","field":"evidence","op":"field_pop_last"}}
{"v":1,"session":"host:45aecb9ad16cc81e","cmd":"add","ts":"2026-08-27T11:48:25Z","inv":{"id":"D-05","op":"rm_node"}}
{"v":1,"session":"host:45aecb9ad16cc81e","cmd":"field","ts":"2026-08-27T11:48:33Z","inv":{"id":"D-05","field":"context","op":"field_pop_last"}}
{"v":1,"session":"host:45aecb9ad16cc81e","cmd":"field","ts":"2026-08-27T11:48:34Z","inv":{"id":"D-05","field":"decision","op":"field_pop_last"}}
{"v":1,"session":"host:45aecb9ad16cc81e","cmd":"set","ts":"2026-08-27T11:48:34Z","inv":{"old_status":"proposed","id":"D-05","op":"set_status_plain"}}
{"v":1,"session":"host:45aecb9ad16cc81e","cmd":"set","ts":"2026-08-27T11:48:35Z","inv":{"old_status":"accepted","id":"D-01","op":"set_status_plain"}}
{"v":1,"session":"host:45aecb9ad16cc81e","cmd":"add","ts":"2026-08-27T11:48:35Z","inv":{"id":"D-06","op":"rm_node"}}
{"v":1,"session":"host:45aecb9ad16cc81e","cmd":"field","ts":"2026-08-27T11:48:36Z","inv":{"id":"D-06","field":"context","op":"field_pop_last"}}
{"v":1,"session":"host:45aecb9ad16cc81e","cmd":"field","ts":"2026-08-27T11:48:36Z","inv":{"id":"D-06","field":"decision","op":"field_pop_last"}}
{"v":1,"session":"host:45aecb9ad16cc81e","cmd":"set","ts":"2026-08-27T11:48:37Z","inv":{"old_status":"proposed","id":"D-06","op":"set_status_plain"}}
{"v":1,"session":"host:45aecb9ad16cc81e","cmd":"add","ts":"2026-08-27T11:48:37Z","inv":{"id":"D-07","op":"rm_node"}}
{"v":1,"session":"host:45aecb9ad16cc81e","cmd":"field","ts":"2026-08-27T11:48:38Z","inv":{"id":"D-07","field":"context","op":"field_pop_last"}}
{"v":1,"session":"host:45aecb9ad16cc81e","cmd":"field","ts":"2026-08-27T11:48:38Z","inv":{"id":"D-07","field":"decision","op":"field_pop_last"}}
{"v":1,"session":"host:45aecb9ad16cc81e","cmd":"set","ts":"2026-08-27T11:48:39Z","inv":{"old_status":"proposed","id":"D-07","op":"set_status_plain"}}
{"v":1,"session":"host:45aecb9ad16cc81e","cmd":"add","ts":"2026-08-27T12:43:02Z","inv":{"id":"A-02","op":"rm_node"}}
{"v":1,"session":"host:45aecb9ad16cc81e","cmd":"add","ts":"2026-08-27T12:43:03Z","inv":{"id":"G-02","op":"rm_node"}}
{"v":1,"session":"host:45aecb9ad16cc81e","cmd":"add","ts":"2026-08-27T12:43:03Z","inv":{"id":"Q-01","op":"rm_node"}}
{"v":1,"session":"host:45aecb9ad16cc81e","cmd":"field","ts":"2026-08-27T12:43:03Z","inv":{"id":"Q-01","field":"why","op":"field_pop_last"}}
{"v":1,"session":"host:45aecb9ad16cc81e","cmd":"field","ts":"2026-08-27T12:43:04Z","inv":{"id":"Q-01","field":"exit","op":"field_pop_last"}}
{"v":1,"session":"host:45aecb9ad16cc81e","cmd":"link","ts":"2026-08-27T12:43:04Z","inv":{"label":"asks","to":"D-06","op":"unlink_edge","from":"Q-01"}}
{"v":1,"session":"host:45aecb9ad16cc81e","cmd":"set","ts":"2026-08-27T12:43:05Z","inv":{"old_status":"open","id":"Q-01","op":"set_status_plain"}}
{"v":1,"session":"host:45aecb9ad16cc81e","cmd":"add","ts":"2026-08-27T12:43:05Z","inv":{"id":"W-02","op":"rm_node"}}
{"v":1,"session":"host:45aecb9ad16cc81e","cmd":"field","ts":"2026-08-27T12:43:06Z","inv":{"id":"W-02","field":"ac","op":"field_pop_last"}}
{"v":1,"session":"host:45aecb9ad16cc81e","cmd":"field","ts":"2026-08-27T12:43:06Z","inv":{"id":"W-02","field":"ac","op":"field_pop_last"}}
{"v":1,"session":"host:45aecb9ad16cc81e","cmd":"field","ts":"2026-08-27T12:43:07Z","inv":{"id":"W-02","field":"ac","op":"field_pop_last"}}
{"v":1,"session":"host:45aecb9ad16cc81e","cmd":"field","ts":"2026-08-27T12:43:07Z","inv":{"id":"W-02","field":"ac","op":"field_pop_last"}}
{"v":1,"session":"host:45aecb9ad16cc81e","cmd":"field","ts":"2026-08-27T12:43:08Z","inv":{"id":"W-02","field":"ac","op":"field_pop_last"}}
{"v":1,"session":"host:45aecb9ad16cc81e","cmd":"field","ts":"2026-08-27T12:43:08Z","inv":{"id":"W-02","field":"ac","op":"field_pop_last"}}
{"v":1,"session":"host:45aecb9ad16cc81e","cmd":"field","ts":"2026-08-27T12:43:09Z","inv":{"id":"W-02","field":"ac","op":"field_pop_last"}}
{"v":1,"session":"host:45aecb9ad16cc81e","cmd":"field","ts":"2026-08-27T12:43:09Z","inv":{"id":"W-02","field":"ac","op":"field_pop_last"}}
{"v":1,"session":"host:45aecb9ad16cc81e","cmd":"field","ts":"2026-08-27T12:43:10Z","inv":{"id":"W-02","field":"ac","op":"field_pop_last"}}
{"v":1,"session":"host:45aecb9ad16cc81e","cmd":"field","ts":"2026-08-27T12:43:10Z","inv":{"id":"W-02","field":"ac","op":"field_pop_last"}}
{"v":1,"session":"host:45aecb9ad16cc81e","cmd":"field","ts":"2026-08-27T12:43:11Z","inv":{"id":"W-02","field":"hypothesis","op":"field_pop_last"}}
{"v":1,"session":"host:45aecb9ad16cc81e","cmd":"field","ts":"2026-08-27T12:43:11Z","inv":{"id":"W-02","field":"evidence_strategy","op":"field_pop_last"}}
{"v":1,"session":"host:45aecb9ad16cc81e","cmd":"field","ts":"2026-08-27T12:43:12Z","inv":{"id":"W-02","field":"evidence_strategy","op":"field_pop_last"}}
{"v":1,"session":"host:45aecb9ad16cc81e","cmd":"field","ts":"2026-08-27T12:43:12Z","inv":{"id":"W-02","field":"evidence_strategy","op":"field_pop_last"}}
{"v":1,"session":"host:45aecb9ad16cc81e","cmd":"field","ts":"2026-08-27T12:43:13Z","inv":{"id":"W-02","field":"evidence_strategy","op":"field_pop_last"}}
{"v":1,"session":"host:45aecb9ad16cc81e","cmd":"field","ts":"2026-08-27T12:43:13Z","inv":{"id":"W-02","field":"evidence_strategy","op":"field_pop_last"}}
{"v":1,"session":"host:45aecb9ad16cc81e","cmd":"field","ts":"2026-08-27T12:43:14Z","inv":{"id":"W-02","field":"evidence_strategy","op":"field_pop_last"}}
{"v":1,"session":"host:45aecb9ad16cc81e","cmd":"field","ts":"2026-08-27T12:43:14Z","inv":{"id":"W-02","field":"plan","op":"field_pop_last"}}
{"v":1,"session":"host:45aecb9ad16cc81e","cmd":"field","ts":"2026-08-27T12:43:15Z","inv":{"id":"W-02","field":"plan","op":"field_pop_last"}}
{"v":1,"session":"host:45aecb9ad16cc81e","cmd":"field","ts":"2026-08-27T12:43:15Z","inv":{"id":"W-02","field":"plan","op":"field_pop_last"}}
{"v":1,"session":"host:45aecb9ad16cc81e","cmd":"field","ts":"2026-08-27T12:43:16Z","inv":{"id":"W-02","field":"plan","op":"field_pop_last"}}
{"v":1,"session":"host:45aecb9ad16cc81e","cmd":"field","ts":"2026-08-27T12:43:16Z","inv":{"id":"W-02","field":"plan","op":"field_pop_last"}}
{"v":1,"session":"host:45aecb9ad16cc81e","cmd":"field","ts":"2026-08-27T12:43:17Z","inv":{"id":"W-02","field":"why","op":"field_pop_last"}}
{"v":1,"session":"host:45aecb9ad16cc81e","cmd":"fitness","ts":"2026-08-27T12:43:17Z","inv":{"had_key":false,"wid":"W-02","gid":"G-02","previous":null,"op":"restore_fitness_key"}}
{"v":1,"session":"host:45aecb9ad16cc81e","cmd":"link","ts":"2026-08-27T12:43:18Z","inv":{"label":"implements","to":"D-05","op":"unlink_edge","from":"W-02"}}
{"v":1,"session":"host:45aecb9ad16cc81e","cmd":"link","ts":"2026-08-27T12:43:18Z","inv":{"label":"implements","to":"D-06","op":"unlink_edge","from":"W-02"}}
{"v":1,"session":"host:45aecb9ad16cc81e","cmd":"link","ts":"2026-08-27T12:43:19Z","inv":{"label":"implements","to":"D-07","op":"unlink_edge","from":"W-02"}}
{"v":1,"session":"host:45aecb9ad16cc81e","cmd":"set","ts":"2026-08-27T12:43:19Z","inv":{"had_session_at_before":false,"old_w_status":"proposed","had_session_before":false,"id":"W-02","op":"set_w_status_with_goals","goal_statuses":{"G-02":"unverified"},"old_session_at":"","old_session":""}}
{"v":1,"session":"host:45aecb9ad16cc81e","cmd":"set","ts":"2026-08-27T12:43:32Z","inv":{"had_session_at_before":false,"old_w_status":"ready","had_session_before":false,"id":"W-02","op":"set_w_status_with_goals","goal_statuses":{"G-02":"unverified"},"old_session_at":"","old_session":""}}
{"v":1,"session":"host:45aecb9ad16cc81e","cmd":"field","ts":"2026-08-27T13:15:46Z","inv":{"id":"W-02","field":"evidence","op":"field_pop_last"}}
{"v":1,"session":"host:45aecb9ad16cc81e","cmd":"field","ts":"2026-08-27T13:15:46Z","inv":{"id":"W-02","field":"evidence","op":"field_pop_last"}}
{"v":1,"session":"host:45aecb9ad16cc81e","cmd":"field","ts":"2026-08-27T13:15:46Z","inv":{"id":"W-02","field":"evidence","op":"field_pop_last"}}
{"v":1,"session":"host:45aecb9ad16cc81e","cmd":"field","ts":"2026-08-27T13:15:46Z","inv":{"id":"W-02","field":"evidence","op":"field_pop_last"}}
{"v":1,"session":"host:45aecb9ad16cc81e","cmd":"field","ts":"2026-08-27T13:15:46Z","inv":{"id":"W-02","field":"evidence","op":"field_pop_last"}}
{"v":1,"session":"host:45aecb9ad16cc81e","cmd":"field","ts":"2026-08-27T13:15:46Z","inv":{"id":"W-02","field":"evidence","op":"field_pop_last"}}
{"v":1,"session":"host:45aecb9ad16cc81e","cmd":"set","ts":"2026-08-27T13:16:23Z","inv":{"had_session_at_before":true,"old_w_status":"progress","had_session_before":true,"id":"W-02","op":"set_w_status_with_goals","goal_statuses":{"G-02":"unverified"},"old_session_at":"2026-08-27T12:43:32Z","old_session":"host:45aecb9ad16cc81e"}}
{"v":1,"session":"host:45aecb9ad16cc81e","cmd":"gate","ts":"2026-08-27T13:16:23Z","inv":{"dones":2,"overflows":[],"invalidated":[],"op":"gate","tw":1,"empty":false,"overflow_counts":{}}}
{"v":1,"session":"host:45aecb9ad16cc81e","cmd":"add","ts":"2026-08-27T13:24:26Z","inv":{"id":"Y-01","op":"rm_node"}}
{"v":1,"session":"host:45aecb9ad16cc81e","cmd":"field","ts":"2026-08-27T13:25:02Z","inv":{"id":"Y-01","field":"invariant","op":"field_pop_last"}}
{"v":1,"session":"host:45aecb9ad16cc81e","cmd":"set","ts":"2026-08-27T13:25:03Z","inv":{"old_status":"proposed","id":"Y-01","op":"set_status_plain"}}
{"v":1,"session":"host:45aecb9ad16cc81e","cmd":"add","ts":"2026-08-27T14:12:45Z","inv":{"id":"D-08","op":"rm_node"}}
{"v":1,"session":"host:45aecb9ad16cc81e","cmd":"field","ts":"2026-08-27T14:12:45Z","inv":{"id":"D-08","field":"context","op":"field_pop_last"}}
{"v":1,"session":"host:45aecb9ad16cc81e","cmd":"field","ts":"2026-08-27T14:12:45Z","inv":{"id":"D-08","field":"decision","op":"field_pop_last"}}
{"v":1,"session":"host:45aecb9ad16cc81e","cmd":"set","ts":"2026-08-27T14:12:45Z","inv":{"old_status":"proposed","id":"D-08","op":"set_status_plain"}}
{"v":1,"session":"host:45aecb9ad16cc81e","cmd":"add","ts":"2026-08-27T14:13:27Z","inv":{"id":"G-03","op":"rm_node"}}
{"v":1,"session":"host:45aecb9ad16cc81e","cmd":"add","ts":"2026-08-27T14:13:27Z","inv":{"id":"W-03","op":"rm_node"}}
{"v":1,"session":"host:45aecb9ad16cc81e","cmd":"field","ts":"2026-08-27T14:13:27Z","inv":{"id":"W-03","field":"ac","op":"field_pop_last"}}
{"v":1,"session":"host:45aecb9ad16cc81e","cmd":"field","ts":"2026-08-27T14:13:28Z","inv":{"id":"W-03","field":"ac","op":"field_pop_last"}}
{"v":1,"session":"host:45aecb9ad16cc81e","cmd":"field","ts":"2026-08-27T14:13:28Z","inv":{"id":"W-03","field":"ac","op":"field_pop_last"}}
{"v":1,"session":"host:45aecb9ad16cc81e","cmd":"field","ts":"2026-08-27T14:13:28Z","inv":{"id":"W-03","field":"ac","op":"field_pop_last"}}
{"v":1,"session":"host:45aecb9ad16cc81e","cmd":"field","ts":"2026-08-27T14:13:28Z","inv":{"id":"W-03","field":"ac","op":"field_pop_last"}}
{"v":1,"session":"host:45aecb9ad16cc81e","cmd":"field","ts":"2026-08-27T14:13:28Z","inv":{"id":"W-03","field":"ac","op":"field_pop_last"}}
{"v":1,"session":"host:45aecb9ad16cc81e","cmd":"field","ts":"2026-08-27T14:13:28Z","inv":{"id":"W-03","field":"hypothesis","op":"field_pop_last"}}
{"v":1,"session":"host:45aecb9ad16cc81e","cmd":"field","ts":"2026-08-27T14:13:28Z","inv":{"id":"W-03","field":"evidence_strategy","op":"field_pop_last"}}
{"v":1,"session":"host:45aecb9ad16cc81e","cmd":"field","ts":"2026-08-27T14:13:28Z","inv":{"id":"W-03","field":"why","op":"field_pop_last"}}
{"v":1,"session":"host:45aecb9ad16cc81e","cmd":"fitness","ts":"2026-08-27T14:13:28Z","inv":{"had_key":false,"wid":"W-03","gid":"G-03","previous":null,"op":"restore_fitness_key"}}
{"v":1,"session":"host:45aecb9ad16cc81e","cmd":"link","ts":"2026-08-27T14:13:29Z","inv":{"label":"implements","to":"D-08","op":"unlink_edge","from":"W-03"}}
{"v":1,"session":"host:45aecb9ad16cc81e","cmd":"link","ts":"2026-08-27T14:13:29Z","inv":{"label":"asks","to":"W-03","op":"unlink_edge","from":"Q-01"}}
{"v":1,"session":"host:45aecb9ad16cc81e","cmd":"set","ts":"2026-08-27T14:13:29Z","inv":{"had_session_at_before":false,"old_w_status":"proposed","had_session_before":false,"id":"W-03","op":"set_w_status_with_goals","goal_statuses":{"G-03":"unverified"},"old_session_at":"","old_session":""}}
{"v":1,"session":"host:45aecb9ad16cc81e","cmd":"set","ts":"2026-08-27T14:17:03Z","inv":{"had_session_at_before":false,"old_w_status":"ready","had_session_before":false,"id":"W-03","op":"set_w_status_with_goals","goal_statuses":{"G-03":"unverified"},"old_session_at":"","old_session":""}}
{"v":1,"session":"host:45aecb9ad16cc81e","cmd":"field","ts":"2026-08-27T14:27:59Z","inv":{"id":"W-03","field":"evidence","op":"field_pop_last"}}
{"v":1,"session":"host:45aecb9ad16cc81e","cmd":"field","ts":"2026-08-27T14:27:59Z","inv":{"id":"W-03","field":"evidence","op":"field_pop_last"}}
{"v":1,"session":"host:45aecb9ad16cc81e","cmd":"field","ts":"2026-08-27T14:27:59Z","inv":{"id":"W-03","field":"evidence","op":"field_pop_last"}}
{"v":1,"session":"host:45aecb9ad16cc81e","cmd":"field","ts":"2026-08-27T14:27:59Z","inv":{"id":"W-03","field":"evidence","op":"field_pop_last"}}
{"v":1,"session":"host:45aecb9ad16cc81e","cmd":"field","ts":"2026-08-27T14:27:59Z","inv":{"id":"W-03","field":"evidence","op":"field_pop_last"}}
{"v":1,"session":"host:45aecb9ad16cc81e","cmd":"field","ts":"2026-08-27T14:36:33Z","inv":{"id":"W-03","field":"surface","op":"field_pop_last"}}
{"v":1,"session":"host:45aecb9ad16cc81e","cmd":"field","ts":"2026-08-27T14:37:39Z","inv":{"id":"W-03","field":"evidence","op":"field_pop_last"}}
{"v":1,"session":"host:45aecb9ad16cc81e","cmd":"field","ts":"2026-08-27T14:37:39Z","inv":{"id":"W-03","field":"evidence","op":"field_pop_last"}}
{"v":1,"session":"host:45aecb9ad16cc81e","cmd":"field","ts":"2026-08-27T14:39:37Z","inv":{"id":"W-03","field":"evidence","op":"field_pop_last"}}
{"v":1,"session":"host:45aecb9ad16cc81e","cmd":"set","ts":"2026-08-27T14:39:37Z","inv":{"had_session_at_before":true,"old_w_status":"progress","had_session_before":true,"id":"W-03","op":"set_w_status_with_goals","goal_statuses":{"G-03":"unverified"},"old_session_at":"2026-08-27T14:17:03Z","old_session":"host:45aecb9ad16cc81e"}}
{"v":1,"session":"host:45aecb9ad16cc81e","cmd":"add","ts":"2026-08-27T14:40:25Z","inv":{"id":"Y-02","op":"rm_node"}}
{"v":1,"session":"host:45aecb9ad16cc81e","cmd":"field","ts":"2026-08-27T14:40:25Z","inv":{"id":"Y-02","field":"invariant","op":"field_pop_last"}}
{"v":1,"session":"host:45aecb9ad16cc81e","cmd":"set","ts":"2026-08-27T14:40:25Z","inv":{"old_status":"proposed","id":"Y-02","op":"set_status_plain"}}
{"v":1,"session":"host:45aecb9ad16cc81e","cmd":"add","ts":"2026-08-31T10:13:13Z","inv":{"id":"G-04","op":"rm_node"}}
{"v":1,"session":"host:45aecb9ad16cc81e","cmd":"add","ts":"2026-08-31T10:13:13Z","inv":{"id":"W-04","op":"rm_node"}}
{"v":1,"session":"host:45aecb9ad16cc81e","cmd":"field","ts":"2026-08-31T10:13:39Z","inv":{"id":"W-04","field":"ac","op":"field_pop_last"}}
{"v":1,"session":"host:45aecb9ad16cc81e","cmd":"field","ts":"2026-08-31T10:13:39Z","inv":{"id":"W-04","field":"ac","op":"field_pop_last"}}
{"v":1,"session":"host:45aecb9ad16cc81e","cmd":"field","ts":"2026-08-31T10:13:39Z","inv":{"id":"W-04","field":"ac","op":"field_pop_last"}}
{"v":1,"session":"host:45aecb9ad16cc81e","cmd":"field","ts":"2026-08-31T10:13:39Z","inv":{"id":"W-04","field":"ac","op":"field_pop_last"}}
{"v":1,"session":"host:45aecb9ad16cc81e","cmd":"field","ts":"2026-08-31T10:13:39Z","inv":{"id":"W-04","field":"ac","op":"field_pop_last"}}
{"v":1,"session":"host:45aecb9ad16cc81e","cmd":"field","ts":"2026-08-31T10:14:14Z","inv":{"id":"W-04","field":"hypothesis","op":"field_pop_last"}}
{"v":1,"session":"host:45aecb9ad16cc81e","cmd":"field","ts":"2026-08-31T10:14:30Z","inv":{"id":"W-04","field":"evidence_strategy","op":"field_pop_last"}}
{"v":1,"session":"host:45aecb9ad16cc81e","cmd":"field","ts":"2026-08-31T10:14:48Z","inv":{"id":"W-04","field":"why","op":"field_pop_last"}}
{"v":1,"session":"host:45aecb9ad16cc81e","cmd":"fitness","ts":"2026-08-31T10:14:48Z","inv":{"had_key":false,"wid":"W-04","gid":"G-04","previous":null,"op":"restore_fitness_key"}}
{"v":1,"session":"host:45aecb9ad16cc81e","cmd":"set","ts":"2026-08-31T10:15:03Z","inv":{"had_session_at_before":false,"old_w_status":"proposed","had_session_before":false,"id":"W-04","op":"set_w_status_with_goals","goal_statuses":{"G-04":"unverified"},"old_session_at":"","old_session":""}}
{"v":1,"session":"host:45aecb9ad16cc81e","cmd":"set","ts":"2026-08-31T10:15:04Z","inv":{"had_session_at_before":false,"old_w_status":"ready","had_session_before":false,"id":"W-04","op":"set_w_status_with_goals","goal_statuses":{"G-04":"unverified"},"old_session_at":"","old_session":""}}
{"v":1,"session":"host:331fa275899d5c8f","cmd":"resume","ts":"2026-08-31T12:05:39Z","inv":{"had_session_before":true,"id":"W-04","op":"session_restore_claim","old_session_at":"2026-08-31T10:15:04Z","old_session":"host:45aecb9ad16cc81e","had_session_at_before":true}}
{"v":1,"session":"host:331fa275899d5c8f","cmd":"field","ts":"2026-08-31T12:29:11Z","inv":{"id":"W-04","field":"evidence","op":"field_pop_last"}}
{"v":1,"session":"host:331fa275899d5c8f","cmd":"field","ts":"2026-08-31T12:29:11Z","inv":{"id":"W-04","field":"evidence","op":"field_pop_last"}}
{"v":1,"session":"host:331fa275899d5c8f","cmd":"field","ts":"2026-08-31T12:29:11Z","inv":{"id":"W-04","field":"evidence","op":"field_pop_last"}}
{"v":1,"session":"host:331fa275899d5c8f","cmd":"field","ts":"2026-08-31T12:29:12Z","inv":{"id":"W-04","field":"evidence","op":"field_pop_last"}}
{"v":1,"session":"host:331fa275899d5c8f","cmd":"field","ts":"2026-08-31T12:29:12Z","inv":{"id":"W-04","field":"evidence","op":"field_pop_last"}}
{"v":1,"session":"host:331fa275899d5c8f","cmd":"set","ts":"2026-08-31T12:29:12Z","inv":{"had_session_at_before":true,"old_w_status":"progress","had_session_before":true,"id":"W-04","op":"set_w_status_with_goals","goal_statuses":{"G-04":"unverified"},"old_session_at":"2026-08-31T12:05:39Z","old_session":"host:331fa275899d5c8f"}}
{"v":1,"session":"host:724c107d3d5c151e","cmd":"add","ts":"2026-08-31T13:49:13Z","inv":{"id":"G-05","op":"rm_node"}}
{"v":1,"session":"host:724c107d3d5c151e","cmd":"add","ts":"2026-08-31T13:49:35Z","inv":{"id":"W-05","op":"rm_node"}}
{"v":1,"session":"host:724c107d3d5c151e","cmd":"field","ts":"2026-08-31T13:49:35Z","inv":{"id":"W-05","field":"ac","op":"field_pop_last"}}
{"v":1,"session":"host:724c107d3d5c151e","cmd":"field","ts":"2026-08-31T13:49:36Z","inv":{"id":"W-05","field":"ac","op":"field_pop_last"}}
{"v":1,"session":"host:724c107d3d5c151e","cmd":"field","ts":"2026-08-31T13:49:36Z","inv":{"id":"W-05","field":"ac","op":"field_pop_last"}}
{"v":1,"session":"host:724c107d3d5c151e","cmd":"field","ts":"2026-08-31T13:49:36Z","inv":{"id":"W-05","field":"hypothesis","op":"field_pop_last"}}
{"v":1,"session":"host:724c107d3d5c151e","cmd":"field","ts":"2026-08-31T13:49:36Z","inv":{"id":"W-05","field":"evidence_strategy","op":"field_pop_last"}}
{"v":1,"session":"host:724c107d3d5c151e","cmd":"field","ts":"2026-08-31T13:49:36Z","inv":{"id":"W-05","field":"plan","op":"field_pop_last"}}
{"v":1,"session":"host:724c107d3d5c151e","cmd":"fitness","ts":"2026-08-31T13:49:36Z","inv":{"had_key":false,"wid":"W-05","gid":"G-05","previous":null,"op":"restore_fitness_key"}}
{"v":1,"session":"host:724c107d3d5c151e","cmd":"add","ts":"2026-08-31T13:49:50Z","inv":{"id":"B-01","op":"rm_node"}}
{"v":1,"session":"host:724c107d3d5c151e","cmd":"field","ts":"2026-08-31T13:49:50Z","inv":{"id":"B-01","field":"vm","op":"field_pop_last"}}
{"v":1,"session":"host:724c107d3d5c151e","cmd":"field","ts":"2026-08-31T13:49:50Z","inv":{"id":"B-01","field":"threshold","op":"field_pop_last"}}
{"v":1,"session":"host:724c107d3d5c151e","cmd":"field","ts":"2026-08-31T13:49:50Z","inv":{"id":"B-01","field":"result","op":"field_pop_last"}}
{"v":1,"session":"host:724c107d3d5c151e","cmd":"set","ts":"2026-08-31T13:49:50Z","inv":{"old_status":"proposed","id":"B-01","op":"set_status_plain"}}
{"v":1,"session":"host:724c107d3d5c151e","cmd":"set","ts":"2026-08-31T13:49:50Z","inv":{"had_session_at_before":false,"old_w_status":"proposed","had_session_before":false,"id":"W-05","op":"set_w_status_with_goals","goal_statuses":{"G-05":"unverified"},"old_session_at":"","old_session":""}}
{"v":1,"session":"host:724c107d3d5c151e","cmd":"set","ts":"2026-08-31T13:50:14Z","inv":{"had_session_at_before":false,"old_w_status":"ready","had_session_before":false,"id":"W-05","op":"set_w_status_with_goals","goal_statuses":{"G-05":"unverified"},"old_session_at":"","old_session":""}}
{"v":1,"session":"host:724c107d3d5c151e","cmd":"field","ts":"2026-08-31T13:59:48Z","inv":{"id":"W-05","field":"evidence","op":"field_pop_last"}}
{"v":1,"session":"host:724c107d3d5c151e","cmd":"field","ts":"2026-08-31T13:59:48Z","inv":{"id":"W-05","field":"evidence","op":"field_pop_last"}}
{"v":1,"session":"host:724c107d3d5c151e","cmd":"field","ts":"2026-08-31T13:59:48Z","inv":{"id":"W-05","field":"evidence","op":"field_pop_last"}}
{"v":1,"session":"host:724c107d3d5c151e","cmd":"fitness","ts":"2026-08-31T13:59:48Z","inv":{"had_key":true,"wid":"W-05","gid":"G-05","previous":1,"op":"restore_fitness_key"}}
{"v":1,"session":"host:724c107d3d5c151e","cmd":"set","ts":"2026-08-31T13:59:48Z","inv":{"had_session_at_before":true,"old_w_status":"progress","had_session_before":true,"id":"W-05","op":"set_w_status_with_goals","goal_statuses":{"G-05":"unverified"},"old_session_at":"2026-08-31T13:50:14Z","old_session":"host:724c107d3d5c151e"}}
{"v":1,"session":"host:724c107d3d5c151e","cmd":"distill","ts":"2026-08-31T13:59:48Z","inv":{"goal":"G-05","op":"distill","empty":true}}
{"v":1,"session":"host:2f9d74128ee3d239","cmd":"add","ts":"2026-08-31T15:47:50Z","inv":{"id":"G-06","op":"rm_node"}}
{"v":1,"session":"host:2f9d74128ee3d239","cmd":"add","ts":"2026-08-31T15:47:55Z","inv":{"id":"D-09","op":"rm_node"}}
{"v":1,"session":"host:2f9d74128ee3d239","cmd":"field","ts":"2026-08-31T15:48:01Z","inv":{"id":"D-09","field":"decision","op":"field_pop_last"}}
{"v":1,"session":"host:2f9d74128ee3d239","cmd":"set","ts":"2026-08-31T15:48:06Z","inv":{"old_status":"proposed","id":"D-09","op":"set_status_plain"}}
{"v":1,"session":"host:2f9d74128ee3d239","cmd":"add","ts":"2026-08-31T15:48:17Z","inv":{"id":"W-06","op":"rm_node"}}
{"v":1,"session":"host:2f9d74128ee3d239","cmd":"field","ts":"2026-08-31T15:48:32Z","inv":{"id":"W-06","field":"ac","op":"field_pop_last"}}
{"v":1,"session":"host:2f9d74128ee3d239","cmd":"field","ts":"2026-08-31T15:48:32Z","inv":{"id":"W-06","field":"ac","op":"field_pop_last"}}
{"v":1,"session":"host:2f9d74128ee3d239","cmd":"field","ts":"2026-08-31T15:48:32Z","inv":{"id":"W-06","field":"ac","op":"field_pop_last"}}
{"v":1,"session":"host:2f9d74128ee3d239","cmd":"field","ts":"2026-08-31T15:48:32Z","inv":{"id":"W-06","field":"ac","op":"field_pop_last"}}
{"v":1,"session":"host:2f9d74128ee3d239","cmd":"field","ts":"2026-08-31T15:48:32Z","inv":{"id":"W-06","field":"ac","op":"field_pop_last"}}
{"v":1,"session":"host:2f9d74128ee3d239","cmd":"field","ts":"2026-08-31T15:48:32Z","inv":{"id":"W-06","field":"ac","op":"field_pop_last"}}
{"v":1,"session":"host:2f9d74128ee3d239","cmd":"field","ts":"2026-08-31T15:48:43Z","inv":{"id":"W-06","field":"hypothesis","op":"field_pop_last"}}
{"v":1,"session":"host:2f9d74128ee3d239","cmd":"field","ts":"2026-08-31T15:48:43Z","inv":{"id":"W-06","field":"evidence_strategy","op":"field_pop_last"}}
{"v":1,"session":"host:2f9d74128ee3d239","cmd":"field","ts":"2026-08-31T15:48:43Z","inv":{"id":"W-06","field":"evidence_strategy","op":"field_pop_last"}}
{"v":1,"session":"host:2f9d74128ee3d239","cmd":"field","ts":"2026-08-31T15:48:43Z","inv":{"id":"W-06","field":"plan","op":"field_pop_last"}}
{"v":1,"session":"host:2f9d74128ee3d239","cmd":"fitness","ts":"2026-08-31T15:48:43Z","inv":{"had_key":false,"wid":"W-06","gid":"G-06","previous":null,"op":"restore_fitness_key"}}
{"v":1,"session":"host:2f9d74128ee3d239","cmd":"link","ts":"2026-08-31T15:48:44Z","inv":{"label":"implements","to":"D-09","op":"unlink_edge","from":"W-06"}}
{"v":1,"session":"host:2f9d74128ee3d239","cmd":"set","ts":"2026-08-31T15:48:50Z","inv":{"had_session_at_before":false,"old_w_status":"proposed","had_session_before":false,"id":"W-06","op":"set_w_status_with_goals","goal_statuses":{"G-06":"unverified"},"old_session_at":"","old_session":""}}
{"v":1,"session":"host:2f9d74128ee3d239","cmd":"field","ts":"2026-08-31T15:54:38Z","inv":{"id":"W-06","field":"evidence","op":"field_pop_last"}}
{"v":1,"session":"host:2f9d74128ee3d239","cmd":"set","ts":"2026-08-31T15:54:39Z","inv":{"had_session_at_before":true,"old_w_status":"progress","had_session_before":true,"id":"W-06","op":"set_w_status_with_goals","goal_statuses":{"G-06":"unverified"},"old_session_at":"2026-08-31T15:48:50Z","old_session":"host:2f9d74128ee3d239"}}
{"v":1,"session":"host:2f9d74128ee3d239","cmd":"distill","ts":"2026-08-31T15:54:39Z","inv":{"goal":"G-06","op":"distill","empty":true}}
{"v":1,"session":"host:fb79d5a1c35be112","cmd":"add","ts":"2026-08-31T18:36:54Z","inv":{"id":"D-10","op":"rm_node"}}
{"v":1,"session":"host:fb79d5a1c35be112","cmd":"field","ts":"2026-08-31T18:37:10Z","inv":{"id":"D-10","field":"decision","op":"field_pop_last"}}
{"v":1,"session":"host:fb79d5a1c35be112","cmd":"set","ts":"2026-08-31T18:37:10Z","inv":{"old_status":"proposed","id":"D-10","op":"set_status_plain"}}
{"v":1,"session":"host:fb79d5a1c35be112","cmd":"add","ts":"2026-08-31T18:37:10Z","inv":{"id":"D-11","op":"rm_node"}}
{"v":1,"session":"host:fb79d5a1c35be112","cmd":"field","ts":"2026-08-31T18:37:25Z","inv":{"id":"D-11","field":"decision","op":"field_pop_last"}}
{"v":1,"session":"host:fb79d5a1c35be112","cmd":"set","ts":"2026-08-31T18:37:26Z","inv":{"old_status":"proposed","id":"D-11","op":"set_status_plain"}}
